// Jest Snapshot v1, https://goo.gl/fbAQLP

exports[`Render App correctly 1`] = `ShallowWrapper {}`;
