// Jest Snapshot v1, https://goo.gl/fbAQLP

exports[`Gift Renders properly 1`] = `ShallowWrapper {}`;
